Archive member included to satisfy reference by file (symbol)

/usr/lib/gcc/arm-none-eabi/10.3.1/../../../arm-none-eabi/lib/thumb/v7e-m+fp/hard/libc_nano.a(lib_a-atexit.o)
                              /usr/lib/gcc/arm-none-eabi/10.3.1/../../../arm-none-eabi/lib/thumb/v7e-m+fp/hard/crt0.o (atexit)
/usr/lib/gcc/arm-none-eabi/10.3.1/../../../arm-none-eabi/lib/thumb/v7e-m+fp/hard/libc_nano.a(lib_a-exit.o)
                              /usr/lib/gcc/arm-none-eabi/10.3.1/../../../arm-none-eabi/lib/thumb/v7e-m+fp/hard/crt0.o (exit)
/usr/lib/gcc/arm-none-eabi/10.3.1/../../../arm-none-eabi/lib/thumb/v7e-m+fp/hard/libc_nano.a(lib_a-fini.o)
                              /usr/lib/gcc/arm-none-eabi/10.3.1/../../../arm-none-eabi/lib/thumb/v7e-m+fp/hard/crt0.o (__libc_fini_array)
/usr/lib/gcc/arm-none-eabi/10.3.1/../../../arm-none-eabi/lib/thumb/v7e-m+fp/hard/libc_nano.a(lib_a-impure.o)
                              /usr/lib/gcc/arm-none-eabi/10.3.1/../../../arm-none-eabi/lib/thumb/v7e-m+fp/hard/libc_nano.a(lib_a-exit.o) (_global_impure_ptr)
/usr/lib/gcc/arm-none-eabi/10.3.1/../../../arm-none-eabi/lib/thumb/v7e-m+fp/hard/libc_nano.a(lib_a-init.o)
                              /usr/lib/gcc/arm-none-eabi/10.3.1/../../../arm-none-eabi/lib/thumb/v7e-m+fp/hard/crt0.o (__libc_init_array)
/usr/lib/gcc/arm-none-eabi/10.3.1/../../../arm-none-eabi/lib/thumb/v7e-m+fp/hard/libc_nano.a(lib_a-memset.o)
                              /usr/lib/gcc/arm-none-eabi/10.3.1/../../../arm-none-eabi/lib/thumb/v7e-m+fp/hard/crt0.o (memset)
/usr/lib/gcc/arm-none-eabi/10.3.1/../../../arm-none-eabi/lib/thumb/v7e-m+fp/hard/libc_nano.a(lib_a-__atexit.o)
                              /usr/lib/gcc/arm-none-eabi/10.3.1/../../../arm-none-eabi/lib/thumb/v7e-m+fp/hard/libc_nano.a(lib_a-atexit.o) (__register_exitproc)
/usr/lib/gcc/arm-none-eabi/10.3.1/../../../arm-none-eabi/lib/thumb/v7e-m+fp/hard/libc_nano.a(lib_a-__call_atexit.o)
                              /usr/lib/gcc/arm-none-eabi/10.3.1/../../../arm-none-eabi/lib/thumb/v7e-m+fp/hard/libc_nano.a(lib_a-__atexit.o) (__call_exitprocs)
/usr/lib/gcc/arm-none-eabi/10.3.1/thumb/v7e-m+fp/hard/libgcc.a(_aeabi_uldivmod.o)
                              CMakeFiles/lora_ra02_stm32.dir/Drivers/STM32F4xx_HAL_Driver/Src/stm32f4xx_hal_rcc.c.obj (__aeabi_uldivmod)
/usr/lib/gcc/arm-none-eabi/10.3.1/thumb/v7e-m+fp/hard/libgcc.a(_udivmoddi4.o)
                              /usr/lib/gcc/arm-none-eabi/10.3.1/thumb/v7e-m+fp/hard/libgcc.a(_aeabi_uldivmod.o) (__udivmoddi4)
/usr/lib/gcc/arm-none-eabi/10.3.1/thumb/v7e-m+fp/hard/libgcc.a(_dvmd_tls.o)
                              /usr/lib/gcc/arm-none-eabi/10.3.1/thumb/v7e-m+fp/hard/libgcc.a(_aeabi_uldivmod.o) (__aeabi_ldiv0)
/usr/lib/gcc/arm-none-eabi/10.3.1/../../../arm-none-eabi/lib/thumb/v7e-m+fp/hard/libg_nano.a(lib_a-errno.o)
                              CMakeFiles/lora_ra02_stm32.dir/Core/Src/sysmem.c.obj (__errno)

Discarded input sections

 .text          0x0000000000000000        0x0 /usr/lib/gcc/arm-none-eabi/10.3.1/thumb/v7e-m+fp/hard/crti.o
 .data          0x0000000000000000        0x0 /usr/lib/gcc/arm-none-eabi/10.3.1/thumb/v7e-m+fp/hard/crti.o
 .bss           0x0000000000000000        0x0 /usr/lib/gcc/arm-none-eabi/10.3.1/thumb/v7e-m+fp/hard/crti.o
 .data          0x0000000000000000        0x4 /usr/lib/gcc/arm-none-eabi/10.3.1/thumb/v7e-m+fp/hard/crtbegin.o
 .rodata        0x0000000000000000       0x24 /usr/lib/gcc/arm-none-eabi/10.3.1/thumb/v7e-m+fp/hard/crtbegin.o
 .text          0x0000000000000000       0x70 /usr/lib/gcc/arm-none-eabi/10.3.1/../../../arm-none-eabi/lib/thumb/v7e-m+fp/hard/crt0.o
 .data          0x0000000000000000        0x0 /usr/lib/gcc/arm-none-eabi/10.3.1/../../../arm-none-eabi/lib/thumb/v7e-m+fp/hard/crt0.o
 .bss           0x0000000000000000        0x0 /usr/lib/gcc/arm-none-eabi/10.3.1/../../../arm-none-eabi/lib/thumb/v7e-m+fp/hard/crt0.o
 .ARM.extab     0x0000000000000000        0x0 /usr/lib/gcc/arm-none-eabi/10.3.1/../../../arm-none-eabi/lib/thumb/v7e-m+fp/hard/crt0.o
 .ARM.exidx     0x0000000000000000       0x10 /usr/lib/gcc/arm-none-eabi/10.3.1/../../../arm-none-eabi/lib/thumb/v7e-m+fp/hard/crt0.o
 .debug_line    0x0000000000000000       0x87 /usr/lib/gcc/arm-none-eabi/10.3.1/../../../arm-none-eabi/lib/thumb/v7e-m+fp/hard/crt0.o
 .debug_info    0x0000000000000000       0x26 /usr/lib/gcc/arm-none-eabi/10.3.1/../../../arm-none-eabi/lib/thumb/v7e-m+fp/hard/crt0.o
 .debug_abbrev  0x0000000000000000       0x14 /usr/lib/gcc/arm-none-eabi/10.3.1/../../../arm-none-eabi/lib/thumb/v7e-m+fp/hard/crt0.o
 .debug_aranges
                0x0000000000000000       0x20 /usr/lib/gcc/arm-none-eabi/10.3.1/../../../arm-none-eabi/lib/thumb/v7e-m+fp/hard/crt0.o
 .debug_str     0x0000000000000000       0x98 /usr/lib/gcc/arm-none-eabi/10.3.1/../../../arm-none-eabi/lib/thumb/v7e-m+fp/hard/crt0.o
 .ARM.attributes
                0x0000000000000000       0x1c /usr/lib/gcc/arm-none-eabi/10.3.1/../../../arm-none-eabi/lib/thumb/v7e-m+fp/hard/crt0.o
[...]
Memory Configuration

Name             Origin             Length             Attributes
RAM              0x0000000020000000 0x0000000000010000 xrw
FLASH            0x0000000008000000 0x0000000000040000 xr
*default*        0x0000000000000000 0xffffffffffffffff

Linker script and memory map

LOAD /usr/lib/gcc/arm-none-eabi/10.3.1/thumb/v7e-m+fp/hard/crti.o
LOAD /usr/lib/gcc/arm-none-eabi/10.3.1/thumb/v7e-m+fp/hard/crtbegin.o
LOAD /usr/lib/gcc/arm-none-eabi/10.3.1/../../../arm-none-eabi/lib/thumb/v7e-m+fp/hard/crt0.o
START GROUP
LOAD /usr/lib/gcc/arm-none-eabi/10.3.1/../../../arm-none-eabi/lib/thumb/v7e-m+fp/hard/libc_nano.a
LOAD /usr/lib/gcc/arm-none-eabi/10.3.1/../../../arm-none-eabi/lib/thumb/v7e-m+fp/hard/libm.a
END GROUP
LOAD CMakeFiles/lora_ra02_stm32.dir/Core/Src/main.c.obj
LOAD CMakeFiles/lora_ra02_stm32.dir/Core/Src/stm32f4xx_it.c.obj
LOAD CMakeFiles/lora_ra02_stm32.dir/Core/Src/stm32f4xx_hal_msp.c.obj
LOAD CMakeFiles/lora_ra02_stm32.dir/Drivers/STM32F4xx_HAL_Driver/Src/stm32f4xx_hal_spi.c.obj
LOAD CMakeFiles/lora_ra02_stm32.dir/Drivers/STM32F4xx_HAL_Driver/Src/stm32f4xx_hal_rcc.c.obj
LOAD CMakeFiles/lora_ra02_stm32.dir/Drivers/STM32F4xx_HAL_Driver/Src/stm32f4xx_hal_rcc_ex.c.obj
LOAD CMakeFiles/lora_ra02_stm32.dir/Drivers/STM32F4xx_HAL_Driver/Src/stm32f4xx_hal_flash.c.obj
LOAD CMakeFiles/lora_ra02_stm32.dir/Drivers/STM32F4xx_HAL_Driver/Src/stm32f4xx_hal_flash_ex.c.obj
LOAD CMakeFiles/lora_ra02_stm32.dir/Drivers/STM32F4xx_HAL_Driver/Src/stm32f4xx_hal_flash_ramfunc.c.obj
LOAD CMakeFiles/lora_ra02_stm32.dir/Drivers/STM32F4xx_HAL_Driver/Src/stm32f4xx_hal_gpio.c.obj
LOAD CMakeFiles/lora_ra02_stm32.dir/Drivers/STM32F4xx_HAL_Driver/Src/stm32f4xx_hal_dma_ex.c.obj
LOAD CMakeFiles/lora_ra02_stm32.dir/Drivers/STM32F4xx_HAL_Driver/Src/stm32f4xx_hal_dma.c.obj
LOAD CMakeFiles/lora_ra02_stm32.dir/Drivers/STM32F4xx_HAL_Driver/Src/stm32f4xx_hal_pwr.c.obj
LOAD CMakeFiles/lora_ra02_stm32.dir/Drivers/STM32F4xx_HAL_Driver/Src/stm32f4xx_hal_pwr_ex.c.obj
LOAD CMakeFiles/lora_ra02_stm32.dir/Drivers/STM32F4xx_HAL_Driver/Src/stm32f4xx_hal_cortex.c.obj
LOAD CMakeFiles/lora_ra02_stm32.dir/Drivers/STM32F4xx_HAL_Driver/Src/stm32f4xx_hal.c.obj
LOAD CMakeFiles/lora_ra02_stm32.dir/Drivers/STM32F4xx_HAL_Driver/Src/stm32f4xx_hal_exti.c.obj
LOAD CMakeFiles/lora_ra02_stm32.dir/Core/Src/system_stm32f4xx.c.obj
LOAD CMakeFiles/lora_ra02_stm32.dir/Core/Src/sysmem.c.obj
LOAD CMakeFiles/lora_ra02_stm32.dir/Core/Src/syscalls.c.obj
LOAD CMakeFiles/lora_ra02_stm32.dir/startup_stm32f401xc.s.obj
START GROUP
LOAD /usr/lib/gcc/arm-none-eabi/10.3.1/thumb/v7e-m+fp/hard/libgcc.a
LOAD /usr/lib/gcc/arm-none-eabi/10.3.1/../../../arm-none-eabi/lib/thumb/v7e-m+fp/hard/libg_nano.a
LOAD /usr/lib/gcc/arm-none-eabi/10.3.1/../../../arm-none-eabi/lib/thumb/v7e-m+fp/hard/libc_nano.a
END GROUP
START GROUP
LOAD /usr/lib/gcc/arm-none-eabi/10.3.1/thumb/v7e-m+fp/hard/libgcc.a
LOAD /usr/lib/gcc/arm-none-eabi/10.3.1/../../../arm-none-eabi/lib/thumb/v7e-m+fp/hard/libc_nano.a
END GROUP
LOAD /usr/lib/gcc/arm-none-eabi/10.3.1/thumb/v7e-m+fp/hard/crtend.o
LOAD /usr/lib/gcc/arm-none-eabi/10.3.1/thumb/v7e-m+fp/hard/crtn.o
                0x0000000020010000                _estack = (ORIGIN (RAM) + LENGTH (RAM))
                0x0000000000000200                _Min_Heap_Size = 0x200
                0x0000000000000400                _Min_Stack_Size = 0x400

.isr_vector     0x0000000008000000      0x194
                0x0000000008000000                . = ALIGN (0x4)
 *(.isr_vector)
 .isr_vector    0x0000000008000000      0x194 CMakeFiles/lora_ra02_stm32.dir/startup_stm32f401xc.s.obj
                0x0000000008000000                g_pfnVectors
                0x0000000008000194                . = ALIGN (0x4)

.text           0x0000000008000194     0x1708
                0x0000000008000194                . = ALIGN (0x4)
 *(.text)
 .text          0x0000000008000194       0x88 /usr/lib/gcc/arm-none-eabi/10.3.1/thumb/v7e-m+fp/hard/crtbegin.o
 .text          0x000000000800021c       0x48 /usr/lib/gcc/arm-none-eabi/10.3.1/../../../arm-none-eabi/lib/thumb/v7e-m+fp/hard/libc_nano.a(lib_a-init.o)
                0x000000000800021c                __libc_init_array
 .text          0x0000000008000264       0xa4 /usr/lib/gcc/arm-none-eabi/10.3.1/../../../arm-none-eabi/lib/thumb/v7e-m+fp/hard/libc_nano.a(lib_a-memset.o)
                0x0000000008000264                memset
 .text          0x0000000008000308       0x30 /usr/lib/gcc/arm-none-eabi/10.3.1/thumb/v7e-m+fp/hard/libgcc.a(_aeabi_uldivmod.o)
                0x0000000008000308                __aeabi_uldivmod
 .text          0x0000000008000338      0x2d0 /usr/lib/gcc/arm-none-eabi/10.3.1/thumb/v7e-m+fp/hard/libgcc.a(_udivmoddi4.o)
                0x0000000008000338                __udivmoddi4
 .text          0x0000000008000608        0x4 /usr/lib/gcc/arm-none-eabi/10.3.1/thumb/v7e-m+fp/hard/libgcc.a(_dvmd_tls.o)
                0x0000000008000608                __aeabi_ldiv0
                0x0000000008000608                __aeabi_idiv0
 *(.text*)
 .text.main     0x000000000800060c       0x16 CMakeFiles/lora_ra02_stm32.dir/Core/Src/main.c.obj
                0x000000000800060c                main
 *fill*         0x0000000008000622        0x2 
 .text.SystemClock_Config
                0x0000000008000624       0xd4 CMakeFiles/lora_ra02_stm32.dir/Core/Src/main.c.obj
                0x0000000008000624                SystemClock_Config
 .text.MX_SPI1_Init
                0x00000000080006f8       0x70 CMakeFiles/lora_ra02_stm32.dir/Core/Src/main.c.obj
 .text.MX_GPIO_Init
                0x0000000008000768       0x50 CMakeFiles/lora_ra02_stm32.dir/Core/Src/main.c.obj
 .text.Error_Handler
                0x00000000080007b8        0xa CMakeFiles/lora_ra02_stm32.dir/Core/Src/main.c.obj
                0x00000000080007b8                Error_Handler
 .text.NMI_Handler
                0x00000000080007c2        0x6 CMakeFiles/lora_ra02_stm32.dir/Core/Src/stm32f4xx_it.c.obj
                0x00000000080007c2                NMI_Handler
 .text.HardFault_Handler
                0x00000000080007c8        0x6 CMakeFiles/lora_ra02_stm32.dir/Core/Src/stm32f4xx_it.c.obj
                0x00000000080007c8                HardFault_Handler
 .text.MemManage_Handler
                0x00000000080007ce        0x6 CMakeFiles/lora_ra02_stm32.dir/Core/Src/stm32f4xx_it.c.obj
                0x00000000080007ce                MemManage_Handler
 .text.BusFault_Handler
                0x00000000080007d4        0x6 CMakeFiles/lora_ra02_stm32.dir/Core/Src/stm32f4xx_it.c.obj
                0x00000000080007d4                BusFault_Handler
 .text.UsageFault_Handler
                0x00000000080007da        0x6 CMakeFiles/lora_ra02_stm32.dir/Core/Src/stm32f4xx_it.c.obj
                0x00000000080007da                UsageFault_Handler
 .text.SVC_Handler
                0x00000000080007e0        0xe CMakeFiles/lora_ra02_stm32.dir/Core/Src/stm32f4xx_it.c.obj
                0x00000000080007e0                SVC_Handler
 .text.DebugMon_Handler
                0x00000000080007ee        0xe CMakeFiles/lora_ra02_stm32.dir/Core/Src/stm32f4xx_it.c.obj
                0x00000000080007ee                DebugMon_Handler
 .text.PendSV_Handler
                0x00000000080007fc        0xe CMakeFiles/lora_ra02_stm32.dir/Core/Src/stm32f4xx_it.c.obj
                0x00000000080007fc                PendSV_Handler
 .text.SysTick_Handler
                0x000000000800080a        0xc CMakeFiles/lora_ra02_stm32.dir/Core/Src/stm32f4xx_it.c.obj
                0x000000000800080a                SysTick_Handler
 *fill*         0x0000000008000816        0x2 
 .text.HAL_MspInit
                0x0000000008000818       0x50 CMakeFiles/lora_ra02_stm32.dir/Core/Src/stm32f4xx_hal_msp.c.obj
                0x0000000008000818                HAL_MspInit
 .text.HAL_SPI_MspInit
                0x0000000008000868       0x90 CMakeFiles/lora_ra02_stm32.dir/Core/Src/stm32f4xx_hal_msp.c.obj
                0x0000000008000868                HAL_SPI_MspInit
 .text.HAL_SPI_Init
                0x00000000080008f8      0x112 CMakeFiles/lora_ra02_stm32.dir/Drivers/STM32F4xx_HAL_Driver/Src/stm32f4xx_hal_spi.c.obj
                0x00000000080008f8                HAL_SPI_Init
 *fill*         0x0000000008000a0a        0x2 
 .text.HAL_RCC_OscConfig
                0x0000000008000a0c      0x4f0 CMakeFiles/lora_ra02_stm32.dir/Drivers/STM32F4xx_HAL_Driver/Src/stm32f4xx_hal_rcc.c.obj
                0x0000000008000a0c                HAL_RCC_OscConfig
 .text.HAL_RCC_ClockConfig
                0x0000000008000efc      0x1cc CMakeFiles/lora_ra02_stm32.dir/Drivers/STM32F4xx_HAL_Driver/Src/stm32f4xx_hal_rcc.c.obj
                0x0000000008000efc                HAL_RCC_ClockConfig
 .text.HAL_RCC_GetSysClockFreq
                0x00000000080010c8      0x18c CMakeFiles/lora_ra02_stm32.dir/Drivers/STM32F4xx_HAL_Driver/Src/stm32f4xx_hal_rcc.c.obj
                0x00000000080010c8                HAL_RCC_GetSysClockFreq
 .text.HAL_GPIO_Init
                0x0000000008001254      0x308 CMakeFiles/lora_ra02_stm32.dir/Drivers/STM32F4xx_HAL_Driver/Src/stm32f4xx_hal_gpio.c.obj
                0x0000000008001254                HAL_GPIO_Init
 .text.__NVIC_SetPriorityGrouping
                0x000000000800155c       0x48 CMakeFiles/lora_ra02_stm32.dir/Drivers/STM32F4xx_HAL_Driver/Src/stm32f4xx_hal_cortex.c.obj
 .text.__NVIC_GetPriorityGrouping
                0x00000000080015a4       0x1c CMakeFiles/lora_ra02_stm32.dir/Drivers/STM32F4xx_HAL_Driver/Src/stm32f4xx_hal_cortex.c.obj
 .text.__NVIC_SetPriority
                0x00000000080015c0       0x54 CMakeFiles/lora_ra02_stm32.dir/Drivers/STM32F4xx_HAL_Driver/Src/stm32f4xx_hal_cortex.c.obj
 .text.NVIC_EncodePriority
                0x0000000008001614       0x66 CMakeFiles/lora_ra02_stm32.dir/Drivers/STM32F4xx_HAL_Driver/Src/stm32f4xx_hal_cortex.c.obj
 *fill*         0x000000000800167a        0x2 
 .text.SysTick_Config
                0x000000000800167c       0x44 CMakeFiles/lora_ra02_stm32.dir/Drivers/STM32F4xx_HAL_Driver/Src/stm32f4xx_hal_cortex.c.obj
 .text.HAL_NVIC_SetPriorityGrouping
                0x00000000080016c0       0x16 CMakeFiles/lora_ra02_stm32.dir/Drivers/STM32F4xx_HAL_Driver/Src/stm32f4xx_hal_cortex.c.obj
                0x00000000080016c0                HAL_NVIC_SetPriorityGrouping
 .text.HAL_NVIC_SetPriority
                0x00000000080016d6       0x38 CMakeFiles/lora_ra02_stm32.dir/Drivers/STM32F4xx_HAL_Driver/Src/stm32f4xx_hal_cortex.c.obj
                0x00000000080016d6                HAL_NVIC_SetPriority
 .text.HAL_SYSTICK_Config
                0x000000000800170e       0x18 CMakeFiles/lora_ra02_stm32.dir/Drivers/STM32F4xx_HAL_Driver/Src/stm32f4xx_hal_cortex.c.obj
                0x000000000800170e                HAL_SYSTICK_Config
 *fill*         0x0000000008001726        0x2 
 .text.HAL_Init
                0x0000000008001728       0x44 CMakeFiles/lora_ra02_stm32.dir/Drivers/STM32F4xx_HAL_Driver/Src/stm32f4xx_hal.c.obj
                0x0000000008001728                HAL_Init
 .text.HAL_InitTick
                0x000000000800176c       0x60 CMakeFiles/lora_ra02_stm32.dir/Drivers/STM32F4xx_HAL_Driver/Src/stm32f4xx_hal.c.obj
                0x000000000800176c                HAL_InitTick
 .text.HAL_IncTick
                0x00000000080017cc       0x28 CMakeFiles/lora_ra02_stm32.dir/Drivers/STM32F4xx_HAL_Driver/Src/stm32f4xx_hal.c.obj
                0x00000000080017cc                HAL_IncTick
 .text.HAL_GetTick
                0x00000000080017f4       0x18 CMakeFiles/lora_ra02_stm32.dir/Drivers/STM32F4xx_HAL_Driver/Src/stm32f4xx_hal.c.obj
                0x00000000080017f4                HAL_GetTick
 .text.SystemInit
                0x000000000800180c       0x24 CMakeFiles/lora_ra02_stm32.dir/Core/Src/system_stm32f4xx.c.obj
                0x000000000800180c                SystemInit
 .text.Reset_Handler
                0x0000000008001830       0x50 CMakeFiles/lora_ra02_stm32.dir/startup_stm32f401xc.s.obj
                0x0000000008001830                Reset_Handler
 .text.Default_Handler
                0x0000000008001880        0x2 CMakeFiles/lora_ra02_stm32.dir/startup_stm32f401xc.s.obj
                0x0000000008001880                RTC_Alarm_IRQHandler
                0x0000000008001880                EXTI2_IRQHandler
                0x0000000008001880                SPI4_IRQHandler
                0x0000000008001880                TIM1_CC_IRQHandler
                0x0000000008001880                DMA2_Stream5_IRQHandler
                0x0000000008001880                DMA1_Stream5_IRQHandler
                0x0000000008001880                PVD_IRQHandler
                0x0000000008001880                SDIO_IRQHandler
                0x0000000008001880                TAMP_STAMP_IRQHandler
                0x0000000008001880                EXTI3_IRQHandler
                0x0000000008001880                TIM1_UP_TIM10_IRQHandler
                0x0000000008001880                I2C3_ER_IRQHandler
                0x0000000008001880                EXTI0_IRQHandler
                0x0000000008001880                I2C2_EV_IRQHandler
                0x0000000008001880                DMA1_Stream2_IRQHandler
                0x0000000008001880                FPU_IRQHandler
                0x0000000008001880                DMA2_Stream2_IRQHandler
                0x0000000008001880                SPI1_IRQHandler
                0x0000000008001880                TIM1_BRK_TIM9_IRQHandler
                0x0000000008001880                DMA2_Stream3_IRQHandler
                0x0000000008001880                USART6_IRQHandler
                0x0000000008001880                DMA2_Stream0_IRQHandler
                0x0000000008001880                TIM4_IRQHandler
                0x0000000008001880                I2C1_EV_IRQHandler
                0x0000000008001880                DMA1_Stream6_IRQHandler
                0x0000000008001880                DMA1_Stream1_IRQHandler
                0x0000000008001880                TIM3_IRQHandler
                0x0000000008001880                RCC_IRQHandler
                0x0000000008001880                Default_Handler
                0x0000000008001880                EXTI15_10_IRQHandler
                0x0000000008001880                ADC_IRQHandler
                0x0000000008001880                DMA1_Stream7_IRQHandler
                0x0000000008001880                TIM5_IRQHandler
                0x0000000008001880                DMA2_Stream7_IRQHandler
                0x0000000008001880                I2C3_EV_IRQHandler
                0x0000000008001880                EXTI9_5_IRQHandler
                0x0000000008001880                RTC_WKUP_IRQHandler
                0x0000000008001880                SPI2_IRQHandler
                0x0000000008001880                DMA1_Stream0_IRQHandler
                0x0000000008001880                EXTI4_IRQHandler
                0x0000000008001880                WWDG_IRQHandler
                0x0000000008001880                TIM2_IRQHandler
                0x0000000008001880                OTG_FS_WKUP_IRQHandler
                0x0000000008001880                TIM1_TRG_COM_TIM11_IRQHandler
                0x0000000008001880                EXTI1_IRQHandler
                0x0000000008001880                USART2_IRQHandler
                0x0000000008001880                I2C2_ER_IRQHandler
                0x0000000008001880                DMA2_Stream1_IRQHandler
                0x0000000008001880                FLASH_IRQHandler
                0x0000000008001880                DMA2_Stream4_IRQHandler
                0x0000000008001880                USART1_IRQHandler
                0x0000000008001880                OTG_FS_IRQHandler
                0x0000000008001880                SPI3_IRQHandler
                0x0000000008001880                DMA1_Stream4_IRQHandler
                0x0000000008001880                I2C1_ER_IRQHandler
                0x0000000008001880                DMA2_Stream6_IRQHandler
                0x0000000008001880                DMA1_Stream3_IRQHandler
 *(.glue_7)
 .glue_7        0x0000000008001882        0x0 linker stubs
 *(.glue_7t)
 .glue_7t       0x0000000008001882        0x0 linker stubs
 *(.eh_frame)
 *fill*         0x0000000008001882        0x2 
 .eh_frame      0x0000000008001884        0x0 /usr/lib/gcc/arm-none-eabi/10.3.1/thumb/v7e-m+fp/hard/crtbegin.o
 *(.init)
 .init          0x0000000008001884        0x4 /usr/lib/gcc/arm-none-eabi/10.3.1/thumb/v7e-m+fp/hard/crti.o
                0x0000000008001884                _init
 .init          0x0000000008001888        0x8 /usr/lib/gcc/arm-none-eabi/10.3.1/thumb/v7e-m+fp/hard/crtn.o
 *(.fini)
 .fini          0x0000000008001890        0x4 /usr/lib/gcc/arm-none-eabi/10.3.1/thumb/v7e-m+fp/hard/crti.o
                0x0000000008001890                _fini
 .fini          0x0000000008001894        0x8 /usr/lib/gcc/arm-none-eabi/10.3.1/thumb/v7e-m+fp/hard/crtn.o
                0x000000000800189c                . = ALIGN (0x4)
                0x000000000800189c                _etext = .

.vfp11_veneer   0x000000000800189c        0x0
 .vfp11_veneer  0x000000000800189c        0x0 linker stubs

.v4_bx          0x000000000800189c        0x0
 .v4_bx         0x000000000800189c        0x0 linker stubs

.iplt           0x000000000800189c        0x0
 .iplt          0x000000000800189c        0x0 /usr/lib/gcc/arm-none-eabi/10.3.1/thumb/v7e-m+fp/hard/crtbegin.o

.rodata         0x000000000800189c       0x10
                0x000000000800189c                . = ALIGN (0x4)
 *(.rodata)
 *(.rodata*)
 .rodata.AHBPrescTable
                0x000000000800189c       0x10 CMakeFiles/lora_ra02_stm32.dir/Core/Src/system_stm32f4xx.c.obj
                0x000000000800189c                AHBPrescTable
                0x00000000080018ac                . = ALIGN (0x4)

.ARM.extab
 *(.ARM.extab* .gnu.linkonce.armextab.*)

.ARM            0x00000000080018ac        0x8
                0x00000000080018ac                __exidx_start = .
 *(.ARM.exidx*)
 .ARM.exidx     0x00000000080018ac        0x8 /usr/lib/gcc/arm-none-eabi/10.3.1/thumb/v7e-m+fp/hard/libgcc.a(_udivmoddi4.o)
                0x00000000080018b4                __exidx_end = .

.rel.dyn        0x00000000080018b4        0x0
 .rel.iplt      0x00000000080018b4        0x0 /usr/lib/gcc/arm-none-eabi/10.3.1/thumb/v7e-m+fp/hard/crtbegin.o

.preinit_array  0x00000000080018b4        0x0
                0x00000000080018b4                PROVIDE (__preinit_array_start = .)
 *(.preinit_array*)
                0x00000000080018b4                PROVIDE (__preinit_array_end = .)

.init_array     0x00000000080018b4        0x4
                0x00000000080018b4                PROVIDE (__init_array_start = .)
 *(SORT_BY_NAME(.init_array.*))
 *(.init_array*)
 .init_array    0x00000000080018b4        0x4 /usr/lib/gcc/arm-none-eabi/10.3.1/thumb/v7e-m+fp/hard/crtbegin.o
                0x00000000080018b8                PROVIDE (__init_array_end = .)

.fini_array     0x00000000080018b8        0x4
                0x00000000080018b8                PROVIDE (__fini_array_start = .)
 *(SORT_BY_NAME(.fini_array.*))
 *(.fini_array*)
 .fini_array    0x00000000080018b8        0x4 /usr/lib/gcc/arm-none-eabi/10.3.1/thumb/v7e-m+fp/hard/crtbegin.o
                0x00000000080018bc                PROVIDE (__fini_array_end = .)
                0x00000000080018bc                _sidata = LOADADDR (.data)

.data           0x0000000020000000        0xc load address 0x00000000080018bc
                0x0000000020000000                . = ALIGN (0x4)
                0x0000000020000000                _sdata = .
 *(.data)
 *(.data*)
 .data.uwTickPrio
                0x0000000020000000        0x4 CMakeFiles/lora_ra02_stm32.dir/Drivers/STM32F4xx_HAL_Driver/Src/stm32f4xx_hal.c.obj
                0x0000000020000000                uwTickPrio
 .data.uwTickFreq
                0x0000000020000004        0x1 CMakeFiles/lora_ra02_stm32.dir/Drivers/STM32F4xx_HAL_Driver/Src/stm32f4xx_hal.c.obj
                0x0000000020000004                uwTickFreq
 *fill*         0x0000000020000005        0x3 
 .data.SystemCoreClock
                0x0000000020000008        0x4 CMakeFiles/lora_ra02_stm32.dir/Core/Src/system_stm32f4xx.c.obj
                0x0000000020000008                SystemCoreClock
                0x000000002000000c                . = ALIGN (0x4)
                0x000000002000000c                _edata = .

.tm_clone_table
                0x000000002000000c        0x0 load address 0x00000000080018c8
 .tm_clone_table
                0x000000002000000c        0x0 /usr/lib/gcc/arm-none-eabi/10.3.1/thumb/v7e-m+fp/hard/crtbegin.o
 .tm_clone_table
                0x000000002000000c        0x0 /usr/lib/gcc/arm-none-eabi/10.3.1/thumb/v7e-m+fp/hard/crtend.o

.igot.plt       0x000000002000000c        0x0 load address 0x00000000080018c8
 .igot.plt      0x000000002000000c        0x0 /usr/lib/gcc/arm-none-eabi/10.3.1/thumb/v7e-m+fp/hard/crtbegin.o
                0x000000002000000c                . = ALIGN (0x4)

.bss            0x000000002000000c       0x78 load address 0x00000000080018c8
                0x000000002000000c                _sbss = .
                0x000000002000000c                __bss_start__ = _sbss
 *(.bss)
 .bss           0x000000002000000c       0x1c /usr/lib/gcc/arm-none-eabi/10.3.1/thumb/v7e-m+fp/hard/crtbegin.o
 *(.bss*)
 .bss.hspi1     0x0000000020000028       0x58 CMakeFiles/lora_ra02_stm32.dir/Core/Src/main.c.obj
                0x0000000020000028                hspi1
 .bss.uwTick    0x0000000020000080        0x4 CMakeFiles/lora_ra02_stm32.dir/Drivers/STM32F4xx_HAL_Driver/Src/stm32f4xx_hal.c.obj
                0x0000000020000080                uwTick
 *(COMMON)
                0x0000000020000084                . = ALIGN (0x4)
                0x0000000020000084                _ebss = .
                0x0000000020000084                __bss_end__ = _ebss

._user_heap_stack
                0x0000000020000084      0x604 load address 0x00000000080018c8
                0x0000000020000088                . = ALIGN (0x8)
 *fill*         0x0000000020000084        0x4 
                [!provide]                        PROVIDE (end = .)
                0x0000000020000088                PROVIDE (_end = .)
                0x0000000020000288                . = (. + _Min_Heap_Size)
 *fill*         0x0000000020000088      0x200 
                0x0000000020000688                . = (. + _Min_Stack_Size)
 *fill*         0x0000000020000288      0x400 
                0x0000000020000688                . = ALIGN (0x8)

/DISCARD/
 libc.a(*)
 libm.a(*)
 libgcc.a(*)
OUTPUT(lora_ra02_stm32.elf elf32-littlearm)
LOAD linker stubs
LOAD /usr/lib/gcc/arm-none-eabi/10.3.1/../../../arm-none-eabi/lib/thumb/v7e-m+fp/hard/libc.a
LOAD /usr/lib/gcc/arm-none-eabi/10.3.1/../../../arm-none-eabi/lib/thumb/v7e-m+fp/hard/libm.a
LOAD /usr/lib/gcc/arm-none-eabi/10.3.1/thumb/v7e-m+fp/hard/libgcc.a

.ARM.attributes
                0x0000000000000000       0x30
 .ARM.attributes
                0x0000000000000000       0x1e /usr/lib/gcc/arm-none-eabi/10.3.1/thumb/v7e-m+fp/hard/crti.o
 .ARM.attributes
                0x000000000000001e       0x34 /usr/lib/gcc/arm-none-eabi/10.3.1/thumb/v7e-m+fp/hard/crtbegin.o
 .ARM.attributes
                0x0000000000000052       0x34 /usr/lib/gcc/arm-none-eabi/10.3.1/../../../arm-none-eabi/lib/thumb/v7e-m+fp/hard/libc_nano.a(lib_a-init.o)
 .ARM.attributes
                0x0000000000000086       0x34 /usr/lib/gcc/arm-none-eabi/10.3.1/../../../arm-none-eabi/lib/thumb/v7e-m+fp/hard/libc_nano.a(lib_a-memset.o)
 .ARM.attributes
                0x00000000000000ba       0x34 CMakeFiles/lora_ra02_stm32.dir/Core/Src/main.c.obj
 .ARM.attributes
                0x00000000000000ee       0x34 CMakeFiles/lora_ra02_stm32.dir/Core/Src/stm32f4xx_it.c.obj
 .ARM.attributes
                0x0000000000000122       0x34 CMakeFiles/lora_ra02_stm32.dir/Core/Src/stm32f4xx_hal_msp.c.obj
 .ARM.attributes
                0x0000000000000156       0x34 CMakeFiles/lora_ra02_stm32.dir/Drivers/STM32F4xx_HAL_Driver/Src/stm32f4xx_hal_spi.c.obj
 .ARM.attributes
                0x000000000000018a       0x34 CMakeFiles/lora_ra02_stm32.dir/Drivers/STM32F4xx_HAL_Driver/Src/stm32f4xx_hal_rcc.c.obj
 .ARM.attributes
                0x00000000000001be       0x34 CMakeFiles/lora_ra02_stm32.dir/Drivers/STM32F4xx_HAL_Driver/Src/stm32f4xx_hal_gpio.c.obj
 .ARM.attributes
                0x00000000000001f2       0x34 CMakeFiles/lora_ra02_stm32.dir/Drivers/STM32F4xx_HAL_Driver/Src/stm32f4xx_hal_cortex.c.obj
 .ARM.attributes
                0x0000000000000226       0x34 CMakeFiles/lora_ra02_stm32.dir/Drivers/STM32F4xx_HAL_Driver/Src/stm32f4xx_hal.c.obj
 .ARM.attributes
                0x000000000000025a       0x34 CMakeFiles/lora_ra02_stm32.dir/Core/Src/system_stm32f4xx.c.obj
 .ARM.attributes
                0x000000000000028e       0x21 CMakeFiles/lora_ra02_stm32.dir/startup_stm32f401xc.s.obj
 .ARM.attributes
                0x00000000000002af       0x1e /usr/lib/gcc/arm-none-eabi/10.3.1/thumb/v7e-m+fp/hard/libgcc.a(_aeabi_uldivmod.o)
 .ARM.attributes
                0x00000000000002cd       0x34 /usr/lib/gcc/arm-none-eabi/10.3.1/thumb/v7e-m+fp/hard/libgcc.a(_udivmoddi4.o)
 .ARM.attributes
                0x0000000000000301       0x1e /usr/lib/gcc/arm-none-eabi/10.3.1/thumb/v7e-m+fp/hard/libgcc.a(_dvmd_tls.o)
 .ARM.attributes
                0x000000000000031f       0x32 /usr/lib/gcc/arm-none-eabi/10.3.1/thumb/v7e-m+fp/hard/crtend.o
 .ARM.attributes
                0x0000000000000351       0x1e /usr/lib/gcc/arm-none-eabi/10.3.1/thumb/v7e-m+fp/hard/crtn.o

.comment        0x0000000000000000       0x33
 .comment       0x0000000000000000       0x33 /usr/lib/gcc/arm-none-eabi/10.3.1/thumb/v7e-m+fp/hard/crtbegin.o
                                         0x34 (size before relaxing)
 .comment       0x0000000000000033       0x34 /usr/lib/gcc/arm-none-eabi/10.3.1/../../../arm-none-eabi/lib/thumb/v7e-m+fp/hard/libc_nano.a(lib_a-init.o)
 .comment       0x0000000000000033       0x34 /usr/lib/gcc/arm-none-eabi/10.3.1/../../../arm-none-eabi/lib/thumb/v7e-m+fp/hard/libc_nano.a(lib_a-memset.o)
 .comment       0x0000000000000033       0x34 CMakeFiles/lora_ra02_stm32.dir/Core/Src/main.c.obj
 .comment       0x0000000000000033       0x34 CMakeFiles/lora_ra02_stm32.dir/Core/Src/stm32f4xx_it.c.obj
 .comment       0x0000000000000033       0x34 CMakeFiles/lora_ra02_stm32.dir/Core/Src/stm32f4xx_hal_msp.c.obj
 .comment       0x0000000000000033       0x34 CMakeFiles/lora_ra02_stm32.dir/Drivers/STM32F4xx_HAL_Driver/Src/stm32f4xx_hal_spi.c.obj
 .comment       0x0000000000000033       0x34 CMakeFiles/lora_ra02_stm32.dir/Drivers/STM32F4xx_HAL_Driver/Src/stm32f4xx_hal_rcc.c.obj
 .comment       0x0000000000000033       0x34 CMakeFiles/lora_ra02_stm32.dir/Drivers/STM32F4xx_HAL_Driver/Src/stm32f4xx_hal_gpio.c.obj
 .comment       0x0000000000000033       0x34 CMakeFiles/lora_ra02_stm32.dir/Drivers/STM32F4xx_HAL_Driver/Src/stm32f4xx_hal_cortex.c.obj
 .comment       0x0000000000000033       0x34 CMakeFiles/lora_ra02_stm32.dir/Drivers/STM32F4xx_HAL_Driver/Src/stm32f4xx_hal.c.obj
 .comment       0x0000000000000033       0x34 CMakeFiles/lora_ra02_stm32.dir/Core/Src/system_stm32f4xx.c.obj
 .comment       0x0000000000000033       0x34 /usr/lib/gcc/arm-none-eabi/10.3.1/thumb/v7e-m+fp/hard/libgcc.a(_udivmoddi4.o)
 .comment       0x0000000000000033       0x34 /usr/lib/gcc/arm-none-eabi/10.3.1/thumb/v7e-m+fp/hard/crtend.o

.debug_info     0x0000000000000000     0x60c2
 .debug_info    0x0000000000000000      0x11a /usr/lib/gcc/arm-none-eabi/10.3.1/../../../arm-none-eabi/lib/thumb/v7e-m+fp/hard/libc_nano.a(lib_a-init.o)
 .debug_info    0x000000000000011a      0x137 /usr/lib/gcc/arm-none-eabi/10.3.1/../../../arm-none-eabi/lib/thumb/v7e-m+fp/hard/libc_nano.a(lib_a-memset.o)
 .debug_info    0x0000000000000251      0xa51 CMakeFiles/lora_ra02_stm32.dir/Core/Src/main.c.obj
 .debug_info    0x0000000000000ca2      0x119 CMakeFiles/lora_ra02_stm32.dir/Core/Src/stm32f4xx_it.c.obj
 .debug_info    0x0000000000000dbb      0x987 CMakeFiles/lora_ra02_stm32.dir/Core/Src/stm32f4xx_hal_msp.c.obj
 .debug_info    0x0000000000001742     0x15dd CMakeFiles/lora_ra02_stm32.dir/Drivers/STM32F4xx_HAL_Driver/Src/stm32f4xx_hal_spi.c.obj
 .debug_info    0x0000000000002d1f      0x92d CMakeFiles/lora_ra02_stm32.dir/Drivers/STM32F4xx_HAL_Driver/Src/stm32f4xx_hal_rcc.c.obj
 .debug_info    0x000000000000364c      0x76a CMakeFiles/lora_ra02_stm32.dir/Drivers/STM32F4xx_HAL_Driver/Src/stm32f4xx_hal_gpio.c.obj
 .debug_info    0x0000000000003db6      0xda9 CMakeFiles/lora_ra02_stm32.dir/Drivers/STM32F4xx_HAL_Driver/Src/stm32f4xx_hal_cortex.c.obj
 .debug_info    0x0000000000004b5f      0x8a7 CMakeFiles/lora_ra02_stm32.dir/Drivers/STM32F4xx_HAL_Driver/Src/stm32f4xx_hal.c.obj
 .debug_info    0x0000000000005406      0x537 CMakeFiles/lora_ra02_stm32.dir/Core/Src/system_stm32f4xx.c.obj
 .debug_info    0x000000000000593d       0x22 CMakeFiles/lora_ra02_stm32.dir/startup_stm32f401xc.s.obj
 .debug_info    0x000000000000595f       0x26 /usr/lib/gcc/arm-none-eabi/10.3.1/thumb/v7e-m+fp/hard/libgcc.a(_aeabi_uldivmod.o)
 .debug_info    0x0000000000005985      0x717 /usr/lib/gcc/arm-none-eabi/10.3.1/thumb/v7e-m+fp/hard/libgcc.a(_udivmoddi4.o)
 .debug_info    0x000000000000609c       0x26 /usr/lib/gcc/arm-none-eabi/10.3.1/thumb/v7e-m+fp/hard/libgcc.a(_dvmd_tls.o)

.debug_abbrev   0x0000000000000000     0x138c
 .debug_abbrev  0x0000000000000000       0xcc /usr/lib/gcc/arm-none-eabi/10.3.1/../../../arm-none-eabi/lib/thumb/v7e-m+fp/hard/libc_nano.a(lib_a-init.o)
 .debug_abbrev  0x00000000000000cc       0xb4 /usr/lib/gcc/arm-none-eabi/10.3.1/../../../arm-none-eabi/lib/thumb/v7e-m+fp/hard/libc_nano.a(lib_a-memset.o)
 .debug_abbrev  0x0000000000000180      0x1fa CMakeFiles/lora_ra02_stm32.dir/Core/Src/main.c.obj
 .debug_abbrev  0x000000000000037a       0x61 CMakeFiles/lora_ra02_stm32.dir/Core/Src/stm32f4xx_it.c.obj
 .debug_abbrev  0x00000000000003db      0x186 CMakeFiles/lora_ra02_stm32.dir/Core/Src/stm32f4xx_hal_msp.c.obj
 .debug_abbrev  0x0000000000000561      0x23a CMakeFiles/lora_ra02_stm32.dir/Drivers/STM32F4xx_HAL_Driver/Src/stm32f4xx_hal_spi.c.obj
 .debug_abbrev  0x000000000000079b      0x262 CMakeFiles/lora_ra02_stm32.dir/Drivers/STM32F4xx_HAL_Driver/Src/stm32f4xx_hal_rcc.c.obj
 .debug_abbrev  0x00000000000009fd      0x1c4 CMakeFiles/lora_ra02_stm32.dir/Drivers/STM32F4xx_HAL_Driver/Src/stm32f4xx_hal_gpio.c.obj
 .debug_abbrev  0x0000000000000bc1      0x30d CMakeFiles/lora_ra02_stm32.dir/Drivers/STM32F4xx_HAL_Driver/Src/stm32f4xx_hal_cortex.c.obj
 .debug_abbrev  0x0000000000000ece      0x20b CMakeFiles/lora_ra02_stm32.dir/Drivers/STM32F4xx_HAL_Driver/Src/stm32f4xx_hal.c.obj
 .debug_abbrev  0x00000000000010d9      0x116 CMakeFiles/lora_ra02_stm32.dir/Core/Src/system_stm32f4xx.c.obj
 .debug_abbrev  0x00000000000011ef       0x12 CMakeFiles/lora_ra02_stm32.dir/startup_stm32f401xc.s.obj
 .debug_abbrev  0x0000000000001201       0x14 /usr/lib/gcc/arm-none-eabi/10.3.1/thumb/v7e-m+fp/hard/libgcc.a(_aeabi_uldivmod.o)
 .debug_abbrev  0x0000000000001215      0x163 /usr/lib/gcc/arm-none-eabi/10.3.1/thumb/v7e-m+fp/hard/libgcc.a(_udivmoddi4.o)
 .debug_abbrev  0x0000000000001378       0x14 /usr/lib/gcc/arm-none-eabi/10.3.1/thumb/v7e-m+fp/hard/libgcc.a(_dvmd_tls.o)

.debug_loc      0x0000000000000000     0x12f5
 .debug_loc     0x0000000000000000       0xba /usr/lib/gcc/arm-none-eabi/10.3.1/../../../arm-none-eabi/lib/thumb/v7e-m+fp/hard/libc_nano.a(lib_a-init.o)
 .debug_loc     0x00000000000000ba      0x22c /usr/lib/gcc/arm-none-eabi/10.3.1/../../../arm-none-eabi/lib/thumb/v7e-m+fp/hard/libc_nano.a(lib_a-memset.o)
 .debug_loc     0x00000000000002e6     0x100f /usr/lib/gcc/arm-none-eabi/10.3.1/thumb/v7e-m+fp/hard/libgcc.a(_udivmoddi4.o)

.debug_aranges  0x0000000000000000      0x690
 .debug_aranges
                0x0000000000000000       0x20 /usr/lib/gcc/arm-none-eabi/10.3.1/../../../arm-none-eabi/lib/thumb/v7e-m+fp/hard/libc_nano.a(lib_a-init.o)
 .debug_aranges
                0x0000000000000020       0x20 /usr/lib/gcc/arm-none-eabi/10.3.1/../../../arm-none-eabi/lib/thumb/v7e-m+fp/hard/libc_nano.a(lib_a-memset.o)
 .debug_aranges
                0x0000000000000040       0x40 CMakeFiles/lora_ra02_stm32.dir/Core/Src/main.c.obj
 .debug_aranges
                0x0000000000000080       0x60 CMakeFiles/lora_ra02_stm32.dir/Core/Src/stm32f4xx_it.c.obj
 .debug_aranges
                0x00000000000000e0       0x30 CMakeFiles/lora_ra02_stm32.dir/Core/Src/stm32f4xx_hal_msp.c.obj
 .debug_aranges
                0x0000000000000110      0x1d0 CMakeFiles/lora_ra02_stm32.dir/Drivers/STM32F4xx_HAL_Driver/Src/stm32f4xx_hal_spi.c.obj
 .debug_aranges
                0x00000000000002e0       0x88 CMakeFiles/lora_ra02_stm32.dir/Drivers/STM32F4xx_HAL_Driver/Src/stm32f4xx_hal_rcc.c.obj
 .debug_aranges
                0x0000000000000368       0x58 CMakeFiles/lora_ra02_stm32.dir/Drivers/STM32F4xx_HAL_Driver/Src/stm32f4xx_hal_gpio.c.obj
 .debug_aranges
                0x00000000000003c0      0x130 CMakeFiles/lora_ra02_stm32.dir/Drivers/STM32F4xx_HAL_Driver/Src/stm32f4xx_hal_cortex.c.obj
 .debug_aranges
                0x00000000000004f0       0xf0 CMakeFiles/lora_ra02_stm32.dir/Drivers/STM32F4xx_HAL_Driver/Src/stm32f4xx_hal.c.obj
 .debug_aranges
                0x00000000000005e0       0x28 CMakeFiles/lora_ra02_stm32.dir/Core/Src/system_stm32f4xx.c.obj
 .debug_aranges
                0x0000000000000608       0x28 CMakeFiles/lora_ra02_stm32.dir/startup_stm32f401xc.s.obj
 .debug_aranges
                0x0000000000000630       0x20 /usr/lib/gcc/arm-none-eabi/10.3.1/thumb/v7e-m+fp/hard/libgcc.a(_aeabi_uldivmod.o)
 .debug_aranges
                0x0000000000000650       0x20 /usr/lib/gcc/arm-none-eabi/10.3.1/thumb/v7e-m+fp/hard/libgcc.a(_udivmoddi4.o)
 .debug_aranges
                0x0000000000000670       0x20 /usr/lib/gcc/arm-none-eabi/10.3.1/thumb/v7e-m+fp/hard/libgcc.a(_dvmd_tls.o)

.debug_line     0x0000000000000000     0x63aa
 .debug_line    0x0000000000000000      0x138 /usr/lib/gcc/arm-none-eabi/10.3.1/../../../arm-none-eabi/lib/thumb/v7e-m+fp/hard/libc_nano.a(lib_a-init.o)
 .debug_line    0x0000000000000138      0x1bf /usr/lib/gcc/arm-none-eabi/10.3.1/../../../arm-none-eabi/lib/thumb/v7e-m+fp/hard/libc_nano.a(lib_a-memset.o)
 .debug_line    0x00000000000002f7      0x5ed CMakeFiles/lora_ra02_stm32.dir/Core/Src/main.c.obj
 .debug_line    0x00000000000008e4      0x5e0 CMakeFiles/lora_ra02_stm32.dir/Core/Src/stm32f4xx_it.c.obj
 .debug_line    0x0000000000000ec4      0x56a CMakeFiles/lora_ra02_stm32.dir/Core/Src/stm32f4xx_hal_msp.c.obj
 .debug_line    0x000000000000142e     0x1afe CMakeFiles/lora_ra02_stm32.dir/Drivers/STM32F4xx_HAL_Driver/Src/stm32f4xx_hal_spi.c.obj
 .debug_line    0x0000000000002f2c      0xb97 CMakeFiles/lora_ra02_stm32.dir/Drivers/STM32F4xx_HAL_Driver/Src/stm32f4xx_hal_rcc.c.obj
 .debug_line    0x0000000000003ac3      0x93d CMakeFiles/lora_ra02_stm32.dir/Drivers/STM32F4xx_HAL_Driver/Src/stm32f4xx_hal_gpio.c.obj
 .debug_line    0x0000000000004400      0xaff CMakeFiles/lora_ra02_stm32.dir/Drivers/STM32F4xx_HAL_Driver/Src/stm32f4xx_hal_cortex.c.obj
 .debug_line    0x0000000000004eff      0x805 CMakeFiles/lora_ra02_stm32.dir/Drivers/STM32F4xx_HAL_Driver/Src/stm32f4xx_hal.c.obj
 .debug_line    0x0000000000005704      0x590 CMakeFiles/lora_ra02_stm32.dir/Core/Src/system_stm32f4xx.c.obj
 .debug_line    0x0000000000005c94       0xa8 CMakeFiles/lora_ra02_stm32.dir/startup_stm32f401xc.s.obj
 .debug_line    0x0000000000005d3c       0x60 /usr/lib/gcc/arm-none-eabi/10.3.1/thumb/v7e-m+fp/hard/libgcc.a(_aeabi_uldivmod.o)
 .debug_line    0x0000000000005d9c      0x5ae /usr/lib/gcc/arm-none-eabi/10.3.1/thumb/v7e-m+fp/hard/libgcc.a(_udivmoddi4.o)
 .debug_line    0x000000000000634a       0x60 /usr/lib/gcc/arm-none-eabi/10.3.1/thumb/v7e-m+fp/hard/libgcc.a(_dvmd_tls.o)

.debug_str      0x0000000000000000    0x80ae0
 .debug_str     0x0000000000000000      0x175 /usr/lib/gcc/arm-none-eabi/10.3.1/../../../arm-none-eabi/lib/thumb/v7e-m+fp/hard/libc_nano.a(lib_a-init.o)
                                        0x20b (size before relaxing)
 .debug_str     0x0000000000000175       0xb1 /usr/lib/gcc/arm-none-eabi/10.3.1/../../../arm-none-eabi/lib/thumb/v7e-m+fp/hard/libc_nano.a(lib_a-memset.o)
                                        0x1c0 (size before relaxing)
 .debug_str     0x0000000000000226    0x7e7d9 CMakeFiles/lora_ra02_stm32.dir/Core/Src/main.c.obj
                                      0x7eaa9 (size before relaxing)
 .debug_str     0x000000000007e9ff       0xec CMakeFiles/lora_ra02_stm32.dir/Core/Src/stm32f4xx_it.c.obj
                                      0x7e468 (size before relaxing)
 .debug_str     0x000000000007eaeb       0xea CMakeFiles/lora_ra02_stm32.dir/Core/Src/stm32f4xx_hal_msp.c.obj
                                      0x7e9bd (size before relaxing)
 .debug_str     0x000000000007ebd5      0x5d5 CMakeFiles/lora_ra02_stm32.dir/Drivers/STM32F4xx_HAL_Driver/Src/stm32f4xx_hal_spi.c.obj
                                      0x7ee00 (size before relaxing)
 .debug_str     0x000000000007f1aa      0x2d6 CMakeFiles/lora_ra02_stm32.dir/Drivers/STM32F4xx_HAL_Driver/Src/stm32f4xx_hal_rcc.c.obj
                                      0x7e992 (size before relaxing)
 .debug_str     0x000000000007f480      0x1aa CMakeFiles/lora_ra02_stm32.dir/Drivers/STM32F4xx_HAL_Driver/Src/stm32f4xx_hal_gpio.c.obj
                                      0x7e70b (size before relaxing)
 .debug_str     0x000000000007f62a      0x7f4 CMakeFiles/lora_ra02_stm32.dir/Drivers/STM32F4xx_HAL_Driver/Src/stm32f4xx_hal_cortex.c.obj
                                      0x7ed1d (size before relaxing)
 .debug_str     0x000000000007fe1e      0x5db CMakeFiles/lora_ra02_stm32.dir/Drivers/STM32F4xx_HAL_Driver/Src/stm32f4xx_hal.c.obj
                                      0x7ef78 (size before relaxing)
 .debug_str     0x00000000000803f9       0x79 CMakeFiles/lora_ra02_stm32.dir/Core/Src/system_stm32f4xx.c.obj
                                      0x7e59b (size before relaxing)
 .debug_str     0x0000000000080472       0x54 CMakeFiles/lora_ra02_stm32.dir/startup_stm32f401xc.s.obj
                                         0x7c (size before relaxing)
 .debug_str     0x00000000000804c6       0xa6 /usr/lib/gcc/arm-none-eabi/10.3.1/thumb/v7e-m+fp/hard/libgcc.a(_aeabi_uldivmod.o)
 .debug_str     0x000000000008056c      0x544 /usr/lib/gcc/arm-none-eabi/10.3.1/thumb/v7e-m+fp/hard/libgcc.a(_udivmoddi4.o)
                                        0x647 (size before relaxing)
 .debug_str     0x0000000000080ab0       0x30 /usr/lib/gcc/arm-none-eabi/10.3.1/thumb/v7e-m+fp/hard/libgcc.a(_dvmd_tls.o)
                                         0xaa (size before relaxing)

.debug_frame    0x0000000000000000     0x1724
 .debug_frame   0x0000000000000000       0x2c /usr/lib/gcc/arm-none-eabi/10.3.1/../../../arm-none-eabi/lib/thumb/v7e-m+fp/hard/libc_nano.a(lib_a-init.o)
 .debug_frame   0x000000000000002c       0x2c /usr/lib/gcc/arm-none-eabi/10.3.1/../../../arm-none-eabi/lib/thumb/v7e-m+fp/hard/libc_nano.a(lib_a-memset.o)
 .debug_frame   0x0000000000000058       0xac CMakeFiles/lora_ra02_stm32.dir/Core/Src/main.c.obj
 .debug_frame   0x0000000000000104      0x104 CMakeFiles/lora_ra02_stm32.dir/Core/Src/stm32f4xx_it.c.obj
 .debug_frame   0x0000000000000208       0x80 CMakeFiles/lora_ra02_stm32.dir/Core/Src/stm32f4xx_hal_msp.c.obj
 .debug_frame   0x0000000000000288      0x828 CMakeFiles/lora_ra02_stm32.dir/Drivers/STM32F4xx_HAL_Driver/Src/stm32f4xx_hal_spi.c.obj
 .debug_frame   0x0000000000000ab0      0x1f4 CMakeFiles/lora_ra02_stm32.dir/Drivers/STM32F4xx_HAL_Driver/Src/stm32f4xx_hal_rcc.c.obj
 .debug_frame   0x0000000000000ca4      0x14c CMakeFiles/lora_ra02_stm32.dir/Drivers/STM32F4xx_HAL_Driver/Src/stm32f4xx_hal_gpio.c.obj
 .debug_frame   0x0000000000000df0      0x508 CMakeFiles/lora_ra02_stm32.dir/Drivers/STM32F4xx_HAL_Driver/Src/stm32f4xx_hal_cortex.c.obj
 .debug_frame   0x00000000000012f8      0x374 CMakeFiles/lora_ra02_stm32.dir/Drivers/STM32F4xx_HAL_Driver/Src/stm32f4xx_hal.c.obj
 .debug_frame   0x000000000000166c       0x58 CMakeFiles/lora_ra02_stm32.dir/Core/Src/system_stm32f4xx.c.obj
 .debug_frame   0x00000000000016c4       0x2c /usr/lib/gcc/arm-none-eabi/10.3.1/thumb/v7e-m+fp/hard/libgcc.a(_aeabi_uldivmod.o)
 .debug_frame   0x00000000000016f0       0x34 /usr/lib/gcc/arm-none-eabi/10.3.1/thumb/v7e-m+fp/hard/libgcc.a(_udivmoddi4.o)

.debug_ranges   0x0000000000000000      0x640
 .debug_ranges  0x0000000000000000       0x30 CMakeFiles/lora_ra02_stm32.dir/Core/Src/main.c.obj
 .debug_ranges  0x0000000000000030       0x50 CMakeFiles/lora_ra02_stm32.dir/Core/Src/stm32f4xx_it.c.obj
 .debug_ranges  0x0000000000000080       0x20 CMakeFiles/lora_ra02_stm32.dir/Core/Src/stm32f4xx_hal_msp.c.obj
 .debug_ranges  0x00000000000000a0      0x1c0 CMakeFiles/lora_ra02_stm32.dir/Drivers/STM32F4xx_HAL_Driver/Src/stm32f4xx_hal_spi.c.obj
 .debug_ranges  0x0000000000000260       0x78 CMakeFiles/lora_ra02_stm32.dir/Drivers/STM32F4xx_HAL_Driver/Src/stm32f4xx_hal_rcc.c.obj
 .debug_ranges  0x00000000000002d8       0x48 CMakeFiles/lora_ra02_stm32.dir/Drivers/STM32F4xx_HAL_Driver/Src/stm32f4xx_hal_gpio.c.obj
 .debug_ranges  0x0000000000000320      0x120 CMakeFiles/lora_ra02_stm32.dir/Drivers/STM32F4xx_HAL_Driver/Src/stm32f4xx_hal_cortex.c.obj
 .debug_ranges  0x0000000000000440       0xe0 CMakeFiles/lora_ra02_stm32.dir/Drivers/STM32F4xx_HAL_Driver/Src/stm32f4xx_hal.c.obj
 .debug_ranges  0x0000000000000520       0x18 CMakeFiles/lora_ra02_stm32.dir/Core/Src/system_stm32f4xx.c.obj
 .debug_ranges  0x0000000000000538       0x20 CMakeFiles/lora_ra02_stm32.dir/startup_stm32f401xc.s.obj
 .debug_ranges  0x0000000000000558       0xe8 /usr/lib/gcc/arm-none-eabi/10.3.1/thumb/v7e-m+fp/hard/libgcc.a(_udivmoddi4.o)

.debug_macro    0x0000000000000000    0x1426b
 .debug_macro   0x0000000000000000      0x17b CMakeFiles/lora_ra02_stm32.dir/Core/Src/main.c.obj
 .debug_macro   0x000000000000017b      0xa78 CMakeFiles/lora_ra02_stm32.dir/Core/Src/main.c.obj
 .debug_macro   0x0000000000000bf3      0x295 CMakeFiles/lora_ra02_stm32.dir/Core/Src/main.c.obj
 .debug_macro   0x0000000000000e88       0x2e CMakeFiles/lora_ra02_stm32.dir/Core/Src/main.c.obj
 .debug_macro   0x0000000000000eb6       0x28 CMakeFiles/lora_ra02_stm32.dir/Core/Src/main.c.obj
 .debug_macro   0x0000000000000ede      0x34e CMakeFiles/lora_ra02_stm32.dir/Core/Src/main.c.obj
 .debug_macro   0x000000000000122c       0x1c CMakeFiles/lora_ra02_stm32.dir/Core/Src/main.c.obj
 .debug_macro   0x0000000000001248       0x22 CMakeFiles/lora_ra02_stm32.dir/Core/Src/main.c.obj
 .debug_macro   0x000000000000126a       0xfb CMakeFiles/lora_ra02_stm32.dir/Core/Src/main.c.obj
 .debug_macro   0x0000000000001365     0x1011 CMakeFiles/lora_ra02_stm32.dir/Core/Src/main.c.obj
 .debug_macro   0x0000000000002376      0x11f CMakeFiles/lora_ra02_stm32.dir/Core/Src/main.c.obj
 .debug_macro   0x0000000000002495     0xb881 CMakeFiles/lora_ra02_stm32.dir/Core/Src/main.c.obj
 .debug_macro   0x000000000000dd16       0x6d CMakeFiles/lora_ra02_stm32.dir/Core/Src/main.c.obj
 .debug_macro   0x000000000000dd83     0x3693 CMakeFiles/lora_ra02_stm32.dir/Core/Src/main.c.obj
 .debug_macro   0x0000000000011416      0x174 CMakeFiles/lora_ra02_stm32.dir/Core/Src/main.c.obj
 .debug_macro   0x000000000001158a       0x5c CMakeFiles/lora_ra02_stm32.dir/Core/Src/main.c.obj
 .debug_macro   0x00000000000115e6      0x416 CMakeFiles/lora_ra02_stm32.dir/Core/Src/main.c.obj
 .debug_macro   0x00000000000119fc      0x9e9 CMakeFiles/lora_ra02_stm32.dir/Core/Src/main.c.obj
 .debug_macro   0x00000000000123e5      0x115 CMakeFiles/lora_ra02_stm32.dir/Core/Src/main.c.obj
 .debug_macro   0x00000000000124fa       0xf8 CMakeFiles/lora_ra02_stm32.dir/Core/Src/main.c.obj
 .debug_macro   0x00000000000125f2       0xa5 CMakeFiles/lora_ra02_stm32.dir/Core/Src/main.c.obj
 .debug_macro   0x0000000000012697      0x15f CMakeFiles/lora_ra02_stm32.dir/Core/Src/main.c.obj
 .debug_macro   0x00000000000127f6      0x287 CMakeFiles/lora_ra02_stm32.dir/Core/Src/main.c.obj
 .debug_macro   0x0000000000012a7d       0x5f CMakeFiles/lora_ra02_stm32.dir/Core/Src/main.c.obj
 .debug_macro   0x0000000000012adc      0x236 CMakeFiles/lora_ra02_stm32.dir/Core/Src/main.c.obj
 .debug_macro   0x0000000000012d12      0x132 CMakeFiles/lora_ra02_stm32.dir/Core/Src/main.c.obj
 .debug_macro   0x0000000000012e44      0x23a CMakeFiles/lora_ra02_stm32.dir/Core/Src/main.c.obj
 .debug_macro   0x000000000001307e       0x2e CMakeFiles/lora_ra02_stm32.dir/Core/Src/main.c.obj
 .debug_macro   0x00000000000130ac      0x127 CMakeFiles/lora_ra02_stm32.dir/Core/Src/main.c.obj
 .debug_macro   0x00000000000131d3       0x85 CMakeFiles/lora_ra02_stm32.dir/Core/Src/main.c.obj
 .debug_macro   0x0000000000013258       0x89 CMakeFiles/lora_ra02_stm32.dir/Core/Src/main.c.obj
 .debug_macro   0x00000000000132e1      0x225 CMakeFiles/lora_ra02_stm32.dir/Core/Src/main.c.obj
 .debug_macro   0x0000000000013506      0x126 CMakeFiles/lora_ra02_stm32.dir/Core/Src/main.c.obj
 .debug_macro   0x000000000001362c      0x185 CMakeFiles/lora_ra02_stm32.dir/Core/Src/stm32f4xx_it.c.obj
 .debug_macro   0x00000000000137b1      0x17b CMakeFiles/lora_ra02_stm32.dir/Core/Src/stm32f4xx_hal_msp.c.obj
 .debug_macro   0x000000000001392c      0x180 CMakeFiles/lora_ra02_stm32.dir/Drivers/STM32F4xx_HAL_Driver/Src/stm32f4xx_hal_spi.c.obj
 .debug_macro   0x0000000000013aac      0x195 CMakeFiles/lora_ra02_stm32.dir/Drivers/STM32F4xx_HAL_Driver/Src/stm32f4xx_hal_rcc.c.obj
 .debug_macro   0x0000000000013c41      0x177 CMakeFiles/lora_ra02_stm32.dir/Drivers/STM32F4xx_HAL_Driver/Src/stm32f4xx_hal_gpio.c.obj
 .debug_macro   0x0000000000013db8      0x171 CMakeFiles/lora_ra02_stm32.dir/Drivers/STM32F4xx_HAL_Driver/Src/stm32f4xx_hal_cortex.c.obj
 .debug_macro   0x0000000000013f29      0x1d1 CMakeFiles/lora_ra02_stm32.dir/Drivers/STM32F4xx_HAL_Driver/Src/stm32f4xx_hal.c.obj
 .debug_macro   0x00000000000140fa      0x171 CMakeFiles/lora_ra02_stm32.dir/Core/Src/system_stm32f4xx.c.obj
